// Jest Snapshot v1, https://goo.gl/fbAQLP

exports[`OakQuizCounter matches snapshot 1`] = `
.c0 {
  color: #808080;
  font-family: Lexend,sans-serif;
  font-weight: 400;
  font-size: 2rem;
  line-height: 2.5rem;
  -webkit-letter-spacing: 0.0115rem;
  -moz-letter-spacing: 0.0115rem;
  -ms-letter-spacing: 0.0115rem;
  letter-spacing: 0.0115rem;
}

.c1 {
  color: #222222;
  font-family: Lexend,sans-serif;
  font-weight: 600;
  font-size: 2rem;
  line-height: 2.5rem;
  -webkit-letter-spacing: 0.0115rem;
  -moz-letter-spacing: 0.0115rem;
  -ms-letter-spacing: 0.0115rem;
  letter-spacing: 0.0115rem;
}

<span
  className="c0"
>
  <span
    className="c1"
  >
    5
     
  </span>
  of 
  6
</span>
`;
