// Jest Snapshot v1, https://goo.gl/fbAQLP

exports[`Component OakOL matches snapshot 1`] = `
<ol
  className="sc-aXZVg FWJxw"
/>
`;
