// Jest Snapshot v1, https://goo.gl/fbAQLP

exports[`OakLessonReviewItem matches snapshot 1`] = `
[
  .c0 {
  padding-left: 1rem;
  padding-right: 1rem;
  padding-top: 1.25rem;
  padding-bottom: 1.25rem;
  background: #ffffff;
  border: 0.188rem solid;
  border-color: #b0e2de;
  border-radius: 1rem;
  font-family: Lexend,sans-serif;
}

.c3 {
  width: 3.5rem;
  height: 3.5rem;
  padding: 0.25rem;
  background: #b0e2de;
  border-radius: 6.25rem;
  font-family: Lexend,sans-serif;
}

.c4 {
  position: relative;
  width: 100%;
  min-width: 100%;
  height: 100%;
  min-height: 100%;
  font-family: Lexend,sans-serif;
}

.c6 {
  font-family: Lexend,sans-serif;
}

.c8 {
  color: #222222;
  font-family: Lexend,sans-serif;
  font-weight: 600;
  font-size: 1.25rem;
  line-height: 1.5rem;
  -webkit-letter-spacing: 0.0115rem;
  -moz-letter-spacing: 0.0115rem;
  -ms-letter-spacing: 0.0115rem;
  letter-spacing: 0.0115rem;
}

.c9 {
  font-family: Lexend,sans-serif;
  font-weight: 300;
  font-size: 1rem;
  line-height: 1.5rem;
  -webkit-letter-spacing: -0.005rem;
  -moz-letter-spacing: -0.005rem;
  -ms-letter-spacing: -0.005rem;
  letter-spacing: -0.005rem;
}

.c1 {
  display: -webkit-box;
  display: -webkit-flex;
  display: -ms-flexbox;
  display: flex;
  -webkit-align-items: center;
  -webkit-box-align: center;
  -ms-flex-align: center;
  align-items: center;
  gap: 1.5rem;
}

.c7 {
  display: -webkit-box;
  display: -webkit-flex;
  display: -ms-flexbox;
  display: flex;
  -webkit-flex-direction: column;
  -ms-flex-direction: column;
  flex-direction: column;
  -webkit-box-flex: 1;
  -webkit-flex-grow: 1;
  -ms-flex-positive: 1;
  flex-grow: 1;
  -webkit-flex-shrink: 1;
  -ms-flex-negative: 1;
  flex-shrink: 1;
}

.c5 {
  object-fit: contain;
}

.c2 {
  outline: none;
  text-align: initial;
}

@media (min-width:750px) {
  .c0 {
    padding-left: 1.5rem;
  }
}

@media (min-width:750px) {
  .c0 {
    padding-right: 1.5rem;
  }
}

@media (min-width:750px) {
  .c8 {
    font-weight: 600;
  }
}

@media (min-width:750px) {
  .c8 {
    font-size: 1.5rem;
  }
}

@media (min-width:750px) {
  .c8 {
    line-height: 2rem;
  }
}

@media (min-width:750px) {
  .c8 {
    -webkit-letter-spacing: 0.0115rem;
    -moz-letter-spacing: 0.0115rem;
    -ms-letter-spacing: 0.0115rem;
    letter-spacing: 0.0115rem;
  }
}

@media (min-width:750px) {
  .c9 {
    font-weight: 300;
  }
}

@media (min-width:750px) {
  .c9 {
    font-size: 1.125rem;
  }
}

@media (min-width:750px) {
  .c9 {
    line-height: 1.75rem;
  }
}

@media (min-width:750px) {
  .c9 {
    -webkit-letter-spacing: -0.005rem;
    -moz-letter-spacing: -0.005rem;
    -ms-letter-spacing: -0.005rem;
    letter-spacing: -0.005rem;
  }
}

<div
    className="c0 c1 c2"
  >
    <div
      className="c3"
    >
      <div
        className="c4"
      >
        <img
          alt="intro"
          className="c5"
          data-nimg="fill"
          decoding="async"
          loading="lazy"
          onError={[Function]}
          onLoad={[Function]}
          src="https://res.cloudinary.com/mock-cloudinary-cloud/image/upload/v1705662092/icons/pl7bnmb13txese9yxkjv.svg"
          style={
            {
              "bottom": 0,
              "color": "transparent",
              "height": "100%",
              "left": 0,
              "objectFit": undefined,
              "objectPosition": undefined,
              "position": "absolute",
              "right": 0,
              "top": 0,
              "width": "100%",
            }
          }
        />
      </div>
    </div>
    <div
      className="c6 c7"
    >
      <div
        className="c8"
      >
        Introduction
      </div>
      <div
        className="c9"
      >
        Prepare
      </div>
    </div>
  </div>,
  ",",
]
`;
