// Jest Snapshot v1, https://jestjs.io/docs/snapshot-testing

exports[`OakMultilineText matches snapshot 1`] = `
.c0 {
  width: 100%;
  font-family: --var(google-font),Lexend,sans-serif;
}

.c1 {
  display: -webkit-box;
  display: -webkit-flex;
  display: -ms-flexbox;
  display: flex;
  -webkit-flex-direction: column;
  -ms-flex-direction: column;
  flex-direction: column;
}

<div
  className="c0 c1 "
  disabled={false}
  placeholder="Start typing answer..."
>
  <textarea
    disabled={false}
    id="OakMultilineText"
    maxLength={200}
    onKeyDown={[Function]}
    placeholder="Start typing answer..."
    rows={4}
    style={
      {
        "overflow": "visible",
        "resize": "none",
      }
    }
  />
</div>
`;
