// Jest Snapshot v1, https://goo.gl/fbAQLP

exports[`OakSecondaryButtonAsRadio matches snapshot 1`] = `
.c0 {
  position: relative;
  width: -webkit-max-content;
  width: -moz-max-content;
  width: max-content;
  font-family: Lexend,sans-serif;
}

.c2 {
  position: absolute;
  top: 0rem;
  width: 100%;
  height: 100%;
  border-radius: 0.25rem;
  font-family: Lexend,sans-serif;
}

.c5 {
  font-family: Lexend,sans-serif;
}

.c6 {
  display: -webkit-box;
  display: -webkit-flex;
  display: -ms-flexbox;
  display: flex;
  -webkit-flex-direction: row;
  -ms-flex-direction: row;
  flex-direction: row;
  -webkit-align-items: center;
  -webkit-box-align: center;
  -ms-flex-align: center;
  align-items: center;
  -webkit-box-pack: center;
  -webkit-justify-content: center;
  -ms-flex-pack: center;
  justify-content: center;
  gap: 0.5rem;
}

.c7 {
  font-family: Lexend,sans-serif;
  font-weight: 600;
  font-size: 1rem;
  line-height: 1.25rem;
  -webkit-letter-spacing: 0.0115rem;
  -moz-letter-spacing: 0.0115rem;
  -ms-letter-spacing: 0.0115rem;
  letter-spacing: 0.0115rem;
  text-align: left;
}

.c3 {
  background: none;
  color: inherit;
  border: none;
  padding: 0;
  font: inherit;
  cursor: pointer;
  text-align: left;
  font-family: unset;
  outline: none;
  font-family: Lexend,sans-serif;
  color: #222222;
  background: #ffffff;
  padding-left: 1rem;
  padding-right: 1rem;
  padding-top: 0.75rem;
  padding-bottom: 0.75rem;
  border: 0.125rem solid;
  border-color: #222222;
  border-radius: 0.25rem;
}

.c3:disabled {
  pointer-events: none;
  cursor: default;
}

.c4 {
  position: relative;
  width: 100%;
  height: 100%;
  display: inline-block;
}

.c4:hover {
  -webkit-text-decoration: underline;
  text-decoration: underline;
  color: #222222;
  background: #f2f2f2;
  border-color: #222222;
}

.c4:active {
  background: #ffffff;
  border-color: #222222;
  color: #222222;
}

.c4:disabled {
  background: #e4e4e4;
  border-color: #808080;
  color: #808080;
}

.c1 .grey-shadow:has(+ * + .internal-button:focus-visible) {
  box-shadow: 0 0 0 0.3rem rgba(87,87,87,100%);
}

.c1 .yellow-shadow:has(+ .internal-button:focus-visible) {
  box-shadow: 0 0 0 0.125rem rgba(255,229,85,100%);
}

.c1 .yellow-shadow:has(+ .internal-button:hover),
.c1 .yellow-shadow:has(+ .internal-button:hover:not(:focus-visible,:active)) {
  box-shadow: 0.125rem 0.125rem 0 rgba(255,229,85,100%);
}

.c1 .grey-shadow:has(+ * + .internal-button:hover) {
  box-shadow: none;
}

.c1 .grey-shadow:has(+ * + .internal-button:active) {
  box-shadow: 0.25rem 0.25rem 0 rgba(87,87,87,100%);
}

.c1 .yellow-shadow:has(+ .internal-button:active) {
  box-shadow: 0.125rem 0.125rem 0 rgba(255,229,85,100%);
}

<div
  className="c0 c1"
>
  <div
    className="c2 grey-shadow"
  />
  <div
    className="c2 yellow-shadow"
  />
  <button
    aria-checked={false}
    className="c3 c4 internal-button"
    onClick={[Function]}
    onMouseEnter={[Function]}
    onMouseLeave={[Function]}
    role="radio"
  >
    <div
      className="c5 c6"
    >
      <span
        className="c7"
      >
        Display Value
      </span>
    </div>
  </button>
</div>
`;
