// Jest Snapshot v1, https://goo.gl/fbAQLP

exports[`OakBaseTextInput matches snapshot 1`] = `
<input
  className="sc-aXZVg dVeUxO"
  onBlur={[Function]}
  onFocus={[Function]}
/>
`;
