// Jest Snapshot v1, https://goo.gl/fbAQLP

exports[`OakLessonNavItem matches snapshot 1`] = `
[
  .c0 {
  padding-left: 1rem;
  padding-right: 1rem;
  padding-top: 1.25rem;
  padding-bottom: 1.25rem;
  background: #e7f6f5;
  border: 0.188rem solid;
  border-color: #7cd8d0;
  border-radius: 1rem;
  font-family: Lexend,sans-serif;
}

.c3 {
  width: 5rem;
  font-family: Lexend,sans-serif;
}

.c5 {
  position: relative;
  width: 3.5rem;
  height: 3.5rem;
  font-family: Lexend,sans-serif;
}

.c7 {
  font-family: Lexend,sans-serif;
}

.c9 {
  color: #222222;
  font-family: Lexend,sans-serif;
  font-weight: 600;
  font-size: 1.25rem;
  line-height: 1.5rem;
  -webkit-letter-spacing: 0.0115rem;
  -moz-letter-spacing: 0.0115rem;
  -ms-letter-spacing: 0.0115rem;
  letter-spacing: 0.0115rem;
}

.c10 {
  font-family: Lexend,sans-serif;
  font-weight: 300;
  font-size: 1rem;
  line-height: 1.5rem;
  -webkit-letter-spacing: -0.005rem;
  -moz-letter-spacing: -0.005rem;
  -ms-letter-spacing: -0.005rem;
  letter-spacing: -0.005rem;
}

.c11 {
  width: 3rem;
  height: 3rem;
  padding: 0.25rem;
  background: #ffe555;
  border-radius: 6.25rem;
  font-family: Lexend,sans-serif;
}

.c14 {
  position: relative;
  width: 100%;
  height: 100%;
  font-family: Lexend,sans-serif;
}

.c1 {
  display: -webkit-box;
  display: -webkit-flex;
  display: -ms-flexbox;
  display: flex;
  -webkit-align-items: center;
  -webkit-box-align: center;
  -ms-flex-align: center;
  align-items: center;
  gap: 1.5rem;
}

.c4 {
  display: -webkit-box;
  display: -webkit-flex;
  display: -ms-flexbox;
  display: flex;
  -webkit-box-pack: center;
  -webkit-justify-content: center;
  -ms-flex-pack: center;
  justify-content: center;
}

.c6 {
  object-fit: contain;
}

.c13 {
  width: 2.5rem;
  height: 2.5rem;
  padding: 0;
  background: transparent;
}

.c13 img {
  -webkit-filter: invert(10%) sepia(1%) saturate(236%) hue-rotate(314deg) brightness(95%) contrast(91%);
  filter: invert(10%) sepia(1%) saturate(236%) hue-rotate(314deg) brightness(95%) contrast(91%);
}

.c2 {
  outline: none;
  text-align: initial;
  cursor: pointer;
}

.c2:focus-visible {
  box-shadow: 0 0 0 0.125rem rgba(255,229,85,100%), 0 0 0 0.3rem rgba(87,87,87,100%);
}

.c2:hover .c12,
.c2:active .c12 {
  background: #222222;
}

.c2:hover .c12 img,
.c2:active .c12 img {
  -webkit-filter: invert(98%) sepia(98%) saturate(0%) hue-rotate(328deg) brightness(102%) contrast(102%);
  filter: invert(98%) sepia(98%) saturate(0%) hue-rotate(328deg) brightness(102%) contrast(102%);
}

.c2:active {
  box-shadow: 0.125rem 0.125rem 0 rgba(255,229,85,100%), 0.25rem 0.25rem 0 rgba(87,87,87,100%);
}

.c8 {
  -webkit-flex: 1;
  -ms-flex: 1;
  flex: 1;
}

@media (min-width:750px) {
  .c0 {
    padding-left: 1.5rem;
  }
}

@media (min-width:750px) {
  .c0 {
    padding-right: 1.5rem;
  }
}

@media (min-width:750px) {
  .c9 {
    font-weight: 600;
  }
}

@media (min-width:750px) {
  .c9 {
    font-size: 1.5rem;
  }
}

@media (min-width:750px) {
  .c9 {
    line-height: 2rem;
  }
}

@media (min-width:750px) {
  .c9 {
    -webkit-letter-spacing: 0.0115rem;
    -moz-letter-spacing: 0.0115rem;
    -ms-letter-spacing: 0.0115rem;
    letter-spacing: 0.0115rem;
  }
}

@media (min-width:750px) {
  .c10 {
    font-weight: 300;
  }
}

@media (min-width:750px) {
  .c10 {
    font-size: 1.125rem;
  }
}

@media (min-width:750px) {
  .c10 {
    line-height: 1.75rem;
  }
}

@media (min-width:750px) {
  .c10 {
    -webkit-letter-spacing: -0.005rem;
    -moz-letter-spacing: -0.005rem;
    -ms-letter-spacing: -0.005rem;
    letter-spacing: -0.005rem;
  }
}

<a
    className="c0 c1 c2"
  >
    <div
      className="c3 c4"
    >
      <div
        className="c5"
      >
        <img
          alt="intro"
          className="c6"
          data-nimg="fill"
          decoding="async"
          loading="lazy"
          onError={[Function]}
          onLoad={[Function]}
          src="https://undefined/undefined/v1705662092/icons/pl7bnmb13txese9yxkjv.svg"
          style={
            {
              "bottom": 0,
              "color": "transparent",
              "height": "100%",
              "left": 0,
              "objectFit": undefined,
              "objectPosition": undefined,
              "position": "absolute",
              "right": 0,
              "top": 0,
              "width": "100%",
            }
          }
        />
      </div>
    </div>
    <div
      className="c7 c8"
    >
      <strong
        className="c9"
      >
        Intro
      </strong>
      <div
        className="c10"
      >
        Get ready
      </div>
    </div>
    <div
      className="c11 c12 c13"
    >
      <div
        className="c14"
      >
        <img
          alt="chevron-right"
          className="c6"
          data-nimg="fill"
          decoding="async"
          loading="lazy"
          onError={[Function]}
          onLoad={[Function]}
          src="https://undefined/undefined/v1699895475/icons/rhzft6wnpdp3nvsmlyei.svg"
          style={
            {
              "bottom": 0,
              "color": "transparent",
              "height": "100%",
              "left": 0,
              "objectFit": undefined,
              "objectPosition": undefined,
              "position": "absolute",
              "right": 0,
              "top": 0,
              "width": "100%",
            }
          }
        />
      </div>
    </div>
  </a>,
  ",",
]
`;
