// Jest Snapshot v1, https://goo.gl/fbAQLP

exports[`InternalUnstyledChevronAccordion matches snapshot 1`] = `
.c0 {
  padding-top: 0.75rem;
  padding-bottom: 0.75rem;
  font-family: --var(google-font),Lexend,sans-serif;
}

.c2 {
  font-family: --var(google-font),Lexend,sans-serif;
}

.c4 {
  font-family: --var(google-font),Lexend,sans-serif;
}

.c4:hover {
  cursor: pointer;
}

.c8 {
  margin-right: 0.75rem;
  border-radius: 0.25rem;
  font-family: --var(google-font),Lexend,sans-serif;
}

.c9 {
  position: relative;
  width: 2rem;
  min-width: 2rem;
  height: 2rem;
  min-height: 2rem;
  font-family: --var(google-font),Lexend,sans-serif;
}

.c11 {
  position: relative;
  overflow: auto;
  font-family: --var(google-font),Lexend,sans-serif;
  overflow: auto;
}

.c10 {
  object-fit: contain;
}

.c1 {
  display: -webkit-box;
  display: -webkit-flex;
  display: -ms-flexbox;
  display: flex;
  -webkit-flex-direction: column;
  -ms-flex-direction: column;
  flex-direction: column;
}

.c3 {
  display: -webkit-box;
  display: -webkit-flex;
  display: -ms-flexbox;
  display: flex;
  -webkit-align-items: center;
  -webkit-box-align: center;
  -ms-flex-align: center;
  align-items: center;
  -webkit-box-pack: justify;
  -webkit-justify-content: space-between;
  -ms-flex-pack: justify;
  justify-content: space-between;
}

.c5 {
  display: -webkit-box;
  display: -webkit-flex;
  display: -ms-flexbox;
  display: flex;
  -webkit-box-flex: 1;
  -webkit-flex-grow: 1;
  -ms-flex-positive: 1;
  flex-grow: 1;
}

.c6 {
  font: inherit;
  color: inherit;
  border: none;
  background: none;
  -webkit-appearance: none;
  -moz-appearance: none;
  appearance: none;
  outline: none;
  padding: 0;
}

.c7 {
  display: -webkit-box;
  display: -webkit-flex;
  display: -ms-flexbox;
  display: flex;
  font-family: --var(google-font),Lexend,sans-serif;
}

.c7:hover .chevron-icon {
  -webkit-filter: invert(34%) sepia(0%) saturate(698%) hue-rotate(158deg) brightness(95%) contrast(89%);
  filter: invert(34%) sepia(0%) saturate(698%) hue-rotate(158deg) brightness(95%) contrast(89%);
}

.c7:focus-visible .focus-outline {
  box-shadow: 0 0 0 0.125rem rgba(255,229,85,100%), 0 0 0 0.3rem rgba(87,87,87,100%);
}

<div>
  <div
    class="c0 c1"
  >
    <div
      class="c2 c3"
    >
      See more
      <div
        class="c2"
      >
        <button
          aria-expanded="true"
          aria-label="Close accordion"
          class="c4 c5 c6  c7"
          id="see-more"
          type="button"
        >
          <div
            class="c8 focus-outline"
          >
            <div
              class="c9 chevron-icon"
              style="transform: rotate(180deg); transition: all 0.3s ease 0s;"
            >
              <img
                alt="An arrow to indicate whether the item is open or closed"
                class="c10"
                data-nimg="fill"
                decoding="async"
                loading="lazy"
                src="https://res.cloudinary.com/mock-cloudinary-cloud/image/upload/v1699953557/icons/botfld6brychmttwtv6u.svg"
                style="position: absolute; height: 100%; width: 100%; left: 0px; top: 0px; right: 0px; bottom: 0px; color: transparent;"
              />
            </div>
          </div>
        </button>
      </div>
    </div>
    <div
      class="c11"
    >
      <div
        aria-labelledby="see-more"
        class="c2"
        role="region"
      >
        <div>
          Here it is
        </div>
      </div>
    </div>
  </div>
</div>
`;
