// Jest Snapshot v1, https://goo.gl/fbAQLP

exports[`Component OakBox matches snapshot 1`] = `
<form
  className="sc-gEvEer kSdOXa"
/>
`;
