// Jest Snapshot v1, https://goo.gl/fbAQLP

exports[`InternalTooltip matches snapshot 1`] = `
.c0 {
  position: relative;
  max-width: 22.5rem;
  color: #ffffff;
  background: #222222;
  font-family: Lexend,sans-serif;
}

.c1 {
  display: -webkit-box;
  display: -webkit-flex;
  display: -ms-flexbox;
  display: flex;
}

.c2 {
  width: -webkit-max-content;
  width: -moz-max-content;
  width: max-content;
  pointer-events: none;
}

.c3 {
  position: absolute;
  top: -1rem;
  left: 0rem;
  -webkit-transform: scaleY(-1);
  -ms-transform: scaleY(-1);
  transform: scaleY(-1);
  fill: #222222;
}

@media (min-width:750px) {
  .c0 {
    max-width: 40rem;
  }
}

<div
  className="c0 c1 c2"
  data-rac={true}
  id="tooltip"
  role="tooltip"
>
  Hello there
  <svg
    className="c3"
    data-testid="tooltip-arrow"
    height="1rem"
    width="1rem"
  >
    <path
      d="M0 0H16L8 8L0 16V0Z"
    />
  </svg>
</div>
`;
