// Jest Snapshot v1, https://goo.gl/fbAQLP

exports[`OakQuizResultItem matches snapshot 1`] = `
[
  .c0 {
  font-family: __Lexend_866216,__Lexend_Fallback_866216,Lexend,sans-serif;
}

.c2 {
  width: -webkit-fit-content;
  width: -moz-fit-content;
  width: fit-content;
  padding: 0.5rem;
  border-radius: 0.375rem;
  font-family: __Lexend_866216,__Lexend_Fallback_866216,Lexend,sans-serif;
}

.c4 {
  min-height: 2rem;
  font-family: __Lexend_866216,__Lexend_Fallback_866216,Lexend,sans-serif;
}

.c1 {
  display: -webkit-box;
  display: -webkit-flex;
  display: -ms-flexbox;
  display: flex;
  -webkit-flex-direction: column;
  -ms-flex-direction: column;
  flex-direction: column;
  -webkit-align-items: start;
  -webkit-box-align: start;
  -ms-flex-align: start;
  align-items: start;
  gap: 0.5rem;
}

.c3 {
  display: -webkit-box;
  display: -webkit-flex;
  display: -ms-flexbox;
  display: flex;
  -webkit-align-items: center;
  -webkit-box-align: center;
  -ms-flex-align: center;
  align-items: center;
  gap: 0.75rem;
}

.c5 {
  display: -webkit-box;
  display: -webkit-flex;
  display: -ms-flexbox;
  display: flex;
  -webkit-align-items: center;
  -webkit-box-align: center;
  -ms-flex-align: center;
  align-items: center;
}

.c6 {
  color: #222222;
  font-family: __Lexend_866216,__Lexend_Fallback_866216,Lexend,sans-serif;
  font-weight: 300;
  font-size: 1rem;
  line-height: 1.5rem;
  -webkit-letter-spacing: -0.005rem;
  -moz-letter-spacing: -0.005rem;
  -ms-letter-spacing: -0.005rem;
  letter-spacing: -0.005rem;
}

<div
    className="c0 c1"
  >
    <div
      className="c2 c3"
    >
      <div
        className="c4 c5"
      >
        <span
          className="c6"
        >
          standardText
        </span>
      </div>
    </div>
  </div>,
  ",",
]
`;
