// Jest Snapshot v1, https://goo.gl/fbAQLP

exports[`OakjauntyAngleLabel matches snapshot 1`] = `
.c0 {
  padding-left: 0.5rem;
  padding-right: 0.5rem;
  padding-top: 0.25rem;
  padding-bottom: 0.25rem;
  border-radius: 0.375rem;
  -webkit-transform: rotate(-1.5deg);
  -ms-transform: rotate(-1.5deg);
  transform: rotate(-1.5deg);
  font-family: --var(google-font),Lexend,sans-serif;
  font-weight: 600;
  font-size: 1rem;
  line-height: 1.25rem;
  -webkit-letter-spacing: 0.0115rem;
  -moz-letter-spacing: 0.0115rem;
  -ms-letter-spacing: 0.0115rem;
  letter-spacing: 0.0115rem;
}

@media (min-width:750px) {
  .c0 {
    font-weight: 600;
  }
}

@media (min-width:750px) {
  .c0 {
    font-size: 1.25rem;
  }
}

@media (min-width:750px) {
  .c0 {
    line-height: 1.5rem;
  }
}

@media (min-width:750px) {
  .c0 {
    -webkit-letter-spacing: 0.0115rem;
    -moz-letter-spacing: 0.0115rem;
    -ms-letter-spacing: 0.0115rem;
    letter-spacing: 0.0115rem;
  }
}

<div>
  <div
    class="c0"
  >
    Select one answer
  </div>
</div>
`;
