// Jest Snapshot v1, https://goo.gl/fbAQLP

exports[`OakPromoTag matches snapshot 1`] = `
.c0 {
  position: relative;
  width: 2.5rem;
  display: -webkit-box;
  display: -webkit-flex;
  display: -ms-flexbox;
  display: flex;
  font-family: --var(google-font),Lexend,sans-serif;
}

.c4 {
  position: absolute;
  inset: 0rem;
  font-family: --var(google-font),Lexend,sans-serif;
}

.c1 {
  display: -webkit-box;
  display: -webkit-flex;
  display: -ms-flexbox;
  display: flex;
  -webkit-align-items: center;
  -webkit-box-align: center;
  -ms-flex-align: center;
  align-items: center;
  -webkit-box-pack: center;
  -webkit-justify-content: center;
  -ms-flex-pack: center;
  justify-content: center;
}

.c5 {
  color: #ffe555;
  background: #222222;
  font-family: --var(google-font),Lexend,sans-serif;
  font-weight: 700;
  font-size: 0.875rem;
  line-height: 1.25rem;
  -webkit-letter-spacing: -0.005rem;
  -moz-letter-spacing: -0.005rem;
  -ms-letter-spacing: -0.005rem;
  letter-spacing: -0.005rem;
}

.c3 {
  fill: #222222;
}

.c2 {
  aspect-ratio: 2 / 1;
}

@media (min-width:750px) {
  .c0 {
    width: 3rem;
  }
}

@media (min-width:1280px) {
  .c0 {
    width: 3.5rem;
  }
}

@media (min-width:750px) {
  .c5 {
    font-weight: 700;
  }
}

@media (min-width:1280px) {
  .c5 {
    font-weight: 600;
  }
}

@media (min-width:750px) {
  .c5 {
    font-size: 0.875rem;
  }
}

@media (min-width:1280px) {
  .c5 {
    font-size: 1rem;
  }
}

@media (min-width:750px) {
  .c5 {
    line-height: 1.25rem;
  }
}

@media (min-width:1280px) {
  .c5 {
    line-height: 1.25rem;
  }
}

@media (min-width:750px) {
  .c5 {
    -webkit-letter-spacing: -0.005rem;
    -moz-letter-spacing: -0.005rem;
    -ms-letter-spacing: -0.005rem;
    letter-spacing: -0.005rem;
  }
}

@media (min-width:1280px) {
  .c5 {
    -webkit-letter-spacing: 0.0115rem;
    -moz-letter-spacing: 0.0115rem;
    -ms-letter-spacing: 0.0115rem;
    letter-spacing: 0.0115rem;
  }
}

<div
  className="c0 c1 c2"
>
  <svg
    className="c3"
    height="100%"
    viewBox="0 0 56 27"
    width="100%"
    xmlns="http://www.w3.org/2000/svg"
  >
    <path
      d="M6.421 0c8.661.839 17.303.834 26.16.714a89.843 89.843 0 0 1 4.834-.013c6.333.32 12.39.317 18.506-.275 0 1.26.178 2.352 0 3.44-.276 1.38-.829 2.759-1.342 4.15-.138.354-.532.706-.808 1.06-.445.248-.63.5-.553.753 1.598 1.093-.256 2.185 0 3.277.276 1.529 1.322 3.058 1.204 4.572-.138 1.771-1.046 3.543-1.973 5.312-.288.4-1.065.792-2.309 1.169-2.288.755-4.103 1.67-11.206 1.965-9.936.417-20.953.385-30.678-.09-2.447-.12-4.38-.532-5.209-.853-1.035-.458-1.52-.929-1.44-1.4C.937 18.988-.109 14.194.01 9.4c0-2.645 1.973-5.29 3.413-7.933.237-.424 1.697-.839 3-1.468Z"
    />
  </svg>
  <div
    className="c4 c1"
  >
    <span
      className="c5"
    >
      New
    </span>
  </div>
</div>
`;
