// Jest Snapshot v1, https://goo.gl/fbAQLP

exports[`OakFilterDrawer matches snapshot when mounted 1`] = `
.c0 {
  font-family: --var(google-font),Lexend,sans-serif;
  z-index: 300;
}

.c0:hover {
  cursor: pointer;
}

.c2 {
  position: fixed;
  top: 0rem;
  bottom: 0rem;
  left: 0rem;
  width: 40rem;
  color: #222222;
  background: #ffffff;
  -webkit-transition: all 0.3s ease;
  transition: all 0.3s ease;
  font-family: --var(google-font),Lexend,sans-serif;
  z-index: 300;
}

.c5 {
  margin: 1.5rem;
  font-family: --var(google-font),Lexend,sans-serif;
}

.c11 {
  position: relative;
  width: -webkit-max-content;
  width: -moz-max-content;
  width: max-content;
  font-family: --var(google-font),Lexend,sans-serif;
}

.c16 {
  font-family: --var(google-font),Lexend,sans-serif;
}

.c18 {
  position: relative;
  width: 1.5rem;
  min-width: 1.5rem;
  height: 1.5rem;
  color: transparent;
  background: transparent;
  border-radius: 6.25rem;
  font-family: --var(google-font),Lexend,sans-serif;
}

.c20 {
  position: absolute;
  top: 0rem;
  width: 100%;
  height: 100%;
  border-radius: 6.25rem;
  font-family: --var(google-font),Lexend,sans-serif;
}

.c21 {
  position: relative;
  width: 1.5rem;
  min-width: 1.5rem;
  height: 1.5rem;
  min-height: 1.5rem;
  font-family: --var(google-font),Lexend,sans-serif;
}

.c24 {
  overflow: auto;
  border-top: 0.063rem solid;
  border-color: transparent;
  font-family: --var(google-font),Lexend,sans-serif;
  overflow: auto;
}

.c26 {
  margin-left: 1.5rem;
  margin-right: 1.5rem;
  font-family: --var(google-font),Lexend,sans-serif;
}

.c27 {
  width: 100%;
  padding: 0.75rem;
  border-top: 0.063rem solid;
  border-color: #cacaca;
  font-family: --var(google-font),Lexend,sans-serif;
}

.c22 {
  -webkit-filter: invert(10%) sepia(1%) saturate(236%) hue-rotate(314deg) brightness(95%) contrast(91%);
  filter: invert(10%) sepia(1%) saturate(236%) hue-rotate(314deg) brightness(95%) contrast(91%);
  object-fit: contain;
}

.c3 {
  display: -webkit-box;
  display: -webkit-flex;
  display: -ms-flexbox;
  display: flex;
  -webkit-flex-direction: column;
  -ms-flex-direction: column;
  flex-direction: column;
}

.c6 {
  display: -webkit-box;
  display: -webkit-flex;
  display: -ms-flexbox;
  display: flex;
  -webkit-align-items: center;
  -webkit-box-align: center;
  -ms-flex-align: center;
  align-items: center;
  -webkit-box-pack: justify;
  -webkit-justify-content: space-between;
  -ms-flex-pack: justify;
  justify-content: space-between;
}

.c12 {
  display: -webkit-box;
  display: -webkit-flex;
  display: -ms-flexbox;
  display: flex;
}

.c17 {
  display: -webkit-box;
  display: -webkit-flex;
  display: -ms-flexbox;
  display: flex;
  -webkit-flex-direction: row;
  -ms-flex-direction: row;
  flex-direction: row;
  -webkit-align-items: center;
  -webkit-box-align: center;
  -ms-flex-align: center;
  align-items: center;
  -webkit-box-pack: center;
  -webkit-justify-content: center;
  -ms-flex-pack: center;
  justify-content: center;
  gap: 0rem;
}

.c19 {
  display: -webkit-box;
  display: -webkit-flex;
  display: -ms-flexbox;
  display: flex;
  -webkit-align-items: center;
  -webkit-box-align: center;
  -ms-flex-align: center;
  align-items: center;
  -webkit-box-pack: center;
  -webkit-justify-content: center;
  -ms-flex-pack: center;
  justify-content: center;
}

.c25 {
  display: -webkit-box;
  display: -webkit-flex;
  display: -ms-flexbox;
  display: flex;
  -webkit-flex-direction: column;
  -ms-flex-direction: column;
  flex-direction: column;
  -webkit-box-flex: 1;
  -webkit-flex-grow: 1;
  -ms-flex-positive: 1;
  flex-grow: 1;
}

.c28 {
  display: -webkit-box;
  display: -webkit-flex;
  display: -ms-flexbox;
  display: flex;
  -webkit-flex-direction: column;
  -ms-flex-direction: column;
  flex-direction: column;
  gap: 1rem;
}

.c10 {
  font-family: --var(google-font),Lexend,sans-serif;
  font-weight: 600;
  font-size: 1.25rem;
  line-height: 1.5rem;
  -webkit-letter-spacing: 0.0115rem;
  -moz-letter-spacing: 0.0115rem;
  -ms-letter-spacing: 0.0115rem;
  letter-spacing: 0.0115rem;
}

.c9 {
  font-family: --var(google-font),Lexend,sans-serif;
}

.c23 {
  font-family: --var(google-font),Lexend,sans-serif;
  font-weight: 600;
  font-size: 1rem;
  line-height: 1.25rem;
  -webkit-letter-spacing: 0.0115rem;
  -moz-letter-spacing: 0.0115rem;
  -ms-letter-spacing: 0.0115rem;
  letter-spacing: 0.0115rem;
}

.c14 {
  background: none;
  color: inherit;
  border: none;
  padding: 0;
  font: inherit;
  cursor: pointer;
  text-align: left;
  font-family: unset;
  outline: none;
  font-family: --var(google-font),Lexend,sans-serif;
  color: transparent;
}

.c14:disabled {
  pointer-events: none;
  cursor: default;
}

.c15 {
  display: inline-block;
  position: relative;
}

.c15:hover {
  -webkit-text-decoration: underline;
  text-decoration: underline;
  color: transparent;
}

.c15:hover:not(:active) [data-icon-for="button"] img {
  -webkit-filter: invert(98%) sepia(98%) saturate(0%) hue-rotate(328deg) brightness(102%) contrast(102%);
  filter: invert(98%) sepia(98%) saturate(0%) hue-rotate(328deg) brightness(102%) contrast(102%);
}

.c15:active {
  color: transparent;
}

.c15:disabled {
  color: transparent;
}

.c13 > :first-child:focus-visible .shadow {
  box-shadow: 0 0 0 0.125rem rgba(255,229,85,100%), 0 0 0 0.3rem rgba(87,87,87,100%);
}

.c13 > :first-child:hover .shadow {
  box-shadow: 0.125rem 0.125rem 0 rgba(255,229,85,100%);
}

.c13 > :first-child:active .shadow {
  box-shadow: 0.125rem 0.125rem 0 rgba(255,229,85,100%), 0.25rem 0.25rem 0 rgba(87,87,87,100%);
}

.c13 > :first-child:disabled .icon-container {
  background: transparent;
}

.c13 > :first-child:hover .icon-container {
  background: #222222;
}

.c13 > :first-child:active .icon-container {
  background: transparent;
}

.c7 {
  display: -webkit-inline-box;
  display: -webkit-inline-flex;
  display: -ms-inline-flexbox;
  display: inline-flex;
  -webkit-align-items: center;
  -webkit-box-align: center;
  -ms-flex-align: center;
  align-items: center;
  gap: 0.25rem;
  outline: none;
  border-radius: 0.375rem;
  padding: 0.25rem;
  margin: -0.25rem;
  -webkit-appearance: none;
  -moz-appearance: none;
  appearance: none;
  font: inherit;
  background: none;
  border: none;
  -webkit-text-decoration: underline;
  text-decoration: underline;
  cursor: pointer;
  color: #222222;
}

.c7:focus-visible {
  box-shadow: 0 0 0 0.125rem rgba(255,229,85,100%), 0 0 0 0.3rem rgba(87,87,87,100%);
}

.c7:visited {
  color: #575757;
}

.c7:active {
  color: #222222;
}

.c7[disabled] {
  cursor: not-allowed;
  color: #808080;
}

.c4 {
  max-width: 100vw;
  -webkit-transform: translateX(0);
  -ms-transform: translateX(0);
  transform: translateX(0);
}

.c1 {
  opacity: 0.25;
  background-color: black;
  position: fixed;
  inset: 0;
  -webkit-transition: ease;
  transition: ease;
}

.c8 {
  -webkit-text-decoration: none;
  text-decoration: none;
}

.c8:hover {
  -webkit-text-decoration: underline;
  text-decoration: underline;
}

@media (min-width:750px) {
  .c28 {
    -webkit-flex-direction: row;
    -ms-flex-direction: row;
    flex-direction: row;
  }
}

@media (min-width:750px) {
  .c28 {
    gap: 1.5rem;
  }
}

@media (hover:hover) {
  .c7:hover,
  .c7:visited:hover {
    color: #222222;
  }
}

@media (min-width:768px) {
  .c4 {
    max-width: 600px;
  }
}

<div>
  <div
    aria-hidden="true"
    data-focus-guard="true"
    data-focus-on-hidden="true"
    style="width: 1px; height: 0px; padding: 0px; overflow: hidden; position: fixed; top: 1px; left: 1px;"
    tabindex="0"
  />
  <div
    data-focus-lock-disabled="false"
  >
    <div
      class="c0 c1"
    />
    <div
      class="c2 c3 c4"
      role="dialog"
    >
      <div
        class="c5 c6"
      >
        <button
          aria-label="Clear"
          class="c7 c8"
        >
          <span
            class="c9"
          >
            Clear
          </span>
        </button>
        <h3
          class="c10"
        >
          Filters
        </h3>
        <div
          class="c11 c12 c13"
        >
          <button
            aria-label="Close"
            class="c14 c15"
          >
            <div
              class="c16 c17"
            >
              <div
                class="c18 c19 icon-container"
              >
                <div
                  class="c20 shadow"
                />
                <div
                  class="c21"
                  data-icon-for="button"
                >
                  <img
                    alt="cross"
                    class="c22"
                    data-nimg="fill"
                    decoding="async"
                    loading="lazy"
                    src="https://res.cloudinary.com/mock-cloudinary-cloud/image/upload/v1699895179/icons/xigimrbivcaxt4omxamp.svg"
                    style="position: absolute; height: 100%; width: 100%; left: 0px; top: 0px; right: 0px; bottom: 0px; color: transparent;"
                  />
                </div>
              </div>
              <span
                class="c23"
              />
            </div>
          </button>
        </div>
      </div>
      <div
        class="c24 c25"
      >
        <div />
        <div
          data-autofocus-inside="true"
          tabindex="-2"
        >
          <div
            class="c26"
          >
            Modal content
          </div>
        </div>
      </div>
      <div
        class="c27 c28"
      >
        Oak filter footer
      </div>
    </div>
  </div>
  <div
    aria-hidden="true"
    data-focus-guard="true"
    data-focus-on-hidden="true"
    style="width: 1px; height: 0px; padding: 0px; overflow: hidden; position: fixed; top: 1px; left: 1px;"
    tabindex="0"
  />
</div>
`;
