// Jest Snapshot v1, https://goo.gl/fbAQLP

exports[`OakTooltip matches snapshot 1`] = `
.c0 {
  position: fixed;
  pointer-events: none;
  font-family: --var(google-font),Lexend,sans-serif;
  z-index: 300;
}

.c1 {
  position: absolute;
  right: 0rem;
  bottom: 0rem;
  width: -webkit-fit-content;
  width: -moz-fit-content;
  width: fit-content;
  height: -webkit-fit-content;
  height: -moz-fit-content;
  height: fit-content;
  -webkit-transform: translateY(calc(100% + 1rem));
  -ms-transform: translateY(calc(100% + 1rem));
  transform: translateY(calc(100% + 1rem));
  font-family: --var(google-font),Lexend,sans-serif;
}

.c2 {
  position: relative;
  max-width: 22.5rem;
  padding-left: 1.5rem;
  padding-right: 1.5rem;
  padding-top: 1rem;
  padding-bottom: 1rem;
  color: #222222;
  background: #ffe555;
  border-radius: 0.375rem;
  border-top-left-radius: 0rem;
  font-family: --var(google-font),Lexend,sans-serif;
  font-weight: 400;
  font-size: 1rem;
  line-height: 1.25rem;
  -webkit-letter-spacing: 0.0115rem;
  -moz-letter-spacing: 0.0115rem;
  -ms-letter-spacing: 0.0115rem;
  letter-spacing: 0.0115rem;
}

.c3 {
  display: -webkit-box;
  display: -webkit-flex;
  display: -ms-flexbox;
  display: flex;
}

.c4 {
  width: -webkit-max-content;
  width: -moz-max-content;
  width: max-content;
  pointer-events: none;
}

.c5 {
  position: absolute;
  top: -1rem;
  left: 0rem;
  -webkit-transform: scaleY(-1);
  -ms-transform: scaleY(-1);
  transform: scaleY(-1);
  fill: #ffe555;
}

@media (min-width:750px) {
  .c2 {
    max-width: 40rem;
  }
}

<div>
  <div
    class="c0"
  >
    <div
      class="c1"
    >
      <div
        aria-expanded="true"
        class="c2 c3 c4"
        data-rac="true"
        id="tooltip"
        role="tooltip"
      >
        Hello there
        <svg
          class="c5"
          data-testid="tooltip-arrow"
          height="1rem"
          width="1rem"
        >
          <path
            d="M0 0H16L8 8L0 16V0Z"
          />
        </svg>
      </div>
    </div>
  </div>
  <div
    style="display: contents;"
  >
    <div>
      Trigger!
    </div>
  </div>
</div>
`;
