// Jest Snapshot v1, https://goo.gl/fbAQLP

exports[`OakFormInput should match snapshot 1`] = `
.c3 {
  -webkit-appearance: none !important;
  -moz-appearance: none !important;
  appearance: none !important;
  border: 0;
  border-radius: 0;
  border-color: transparent;
  box-shadow: none;
  font-family: inherit;
  background: transparent;
  outline: none;
  color: inherit;
  width: 100%;
}

.c3::-webkit-input-placeholder {
  color: #575757;
}

.c3::-moz-placeholder {
  color: #575757;
}

.c3:-ms-input-placeholder {
  color: #575757;
}

.c3::placeholder {
  color: #575757;
}

.c3::-webkit-search-decoration,
.c3::-webkit-search-cancel-button,
.c3::-webkit-search-results-button,
.c3::-webkit-search-results-decoration {
  -webkit-appearance: none;
  -moz-appearance: none;
  appearance: none;
}

.c3:disabled {
  cursor: not-allowed;
}

.c0 {
  position: relative;
  height: -webkit-fit-content;
  height: -moz-fit-content;
  height: fit-content;
  padding: 0.5rem;
  color: #222222;
  background: #ffffff;
  border: 0.125rem solid;
  border-color: #cacaca;
  border-radius: 0.375rem;
  font-family: --var(google-font),Lexend,sans-serif;
  font-weight: 300;
  font-size: 1rem;
  line-height: 1.5rem;
  -webkit-letter-spacing: -0.005rem;
  -moz-letter-spacing: -0.005rem;
  -ms-letter-spacing: -0.005rem;
  letter-spacing: -0.005rem;
}

.c0:hover {
  cursor: pointer;
}

.c1 {
  display: -webkit-box;
  display: -webkit-flex;
  display: -ms-flexbox;
  display: flex;
  -webkit-align-items: center;
  -webkit-box-align: center;
  -ms-flex-align: center;
  align-items: center;
}

.c2 {
  background: #ffffff;
}

.c2:hover {
  cursor: text;
}

.c2:focus-within {
  border-color: #222222;
  background: #ffffff;
}

@media (max-width:750px) {
  .c3 {
    font-size: 16px;
  }
}

@media (hover:hover) {
  .c2:hover:not(:focus-within) {
    background: #f2f2f2;
    border-color: #808080;
  }
}

<div
  className="c0 c1 c2"
  onClick={[Function]}
>
  <input
    aria-invalid={false}
    className="c3"
    onFocus={[Function]}
    placeholder="Test input"
    type="text"
    value="Sample text"
  />
</div>
`;
