// Jest Snapshot v1, https://goo.gl/fbAQLP

exports[`OakAspectRatio matches snapshot 1`] = `
.c0 {
  width: 100%;
  height: 0;
  position: relative;
  padding-top: 56.25%;
}

.c1 {
  display: -webkit-box;
  display: -webkit-flex;
  display: -ms-flexbox;
  display: flex;
  position: absolute;
  right: 0;
  bottom: 0;
  left: 0;
  top: 0;
}

<div
  className="c0"
>
  <div
    className="c1"
  />
</div>
`;
