// Jest Snapshot v1, https://goo.gl/fbAQLP

exports[`CaptionCard matches snapshot 1`] = `
[
  .c0 {
  position: relative;
  width: 100%;
  min-height: 2.5rem;
  padding-left: 0.75rem;
  padding-right: 0.75rem;
  padding-top: 0.75rem;
  padding-bottom: 0.75rem;
  border: 0.063rem solid;
  border-radius: 0.25rem;
  font-family: --var(google-font),Lexend,sans-serif;
}

.c3 {
  width: 100%;
  font-family: --var(google-font),Lexend,sans-serif;
}

.c7 {
  position: relative;
  width: 1.5rem;
  height: 1.5rem;
  font-family: --var(google-font),Lexend,sans-serif;
}

.c13 {
  position: absolute;
  top: 0rem;
  left: 0rem;
  width: 1.5rem;
  height: 1.5rem;
  padding: 0rem;
  font-family: --var(google-font),Lexend,sans-serif;
}

.c15 {
  position: relative;
  width: 100%;
  min-width: 100%;
  height: 100%;
  min-height: 100%;
  font-family: --var(google-font),Lexend,sans-serif;
}

.c17 {
  font-family: --var(google-font),Lexend,sans-serif;
}

.c21 {
  position: relative;
  width: 1.5rem;
  min-width: 1.5rem;
  height: 1.5rem;
  min-height: 1.5rem;
  font-family: --var(google-font),Lexend,sans-serif;
}

.c25 {
  position: relative;
  min-height: 2.5rem;
  font-family: --var(google-font),Lexend,sans-serif;
}

.c27 {
  position: relative;
  width: 2rem;
  min-width: 2rem;
  height: 2rem;
  min-height: 2rem;
  font-family: --var(google-font),Lexend,sans-serif;
}

.c16 {
  -webkit-filter: invert(98%) sepia(98%) saturate(0%) hue-rotate(328deg) brightness(102%) contrast(102%);
  filter: invert(98%) sepia(98%) saturate(0%) hue-rotate(328deg) brightness(102%) contrast(102%);
  object-fit: contain;
}

.c22 {
  object-fit: contain;
}

.c1 {
  display: -webkit-box;
  display: -webkit-flex;
  display: -ms-flexbox;
  display: flex;
  -webkit-flex-direction: column;
  -ms-flex-direction: column;
  flex-direction: column;
  gap: 0.25rem;
}

.c4 {
  display: -webkit-box;
  display: -webkit-flex;
  display: -ms-flexbox;
  display: flex;
  -webkit-align-items: center;
  -webkit-box-align: center;
  -ms-flex-align: center;
  align-items: center;
  -webkit-box-pack: start;
  -webkit-justify-content: flex-start;
  -ms-flex-pack: start;
  justify-content: flex-start;
  gap: 0.75rem;
}

.c18 {
  display: -webkit-box;
  display: -webkit-flex;
  display: -ms-flexbox;
  display: flex;
  -webkit-box-pack: end;
  -webkit-justify-content: flex-end;
  -ms-flex-pack: end;
  justify-content: flex-end;
  -webkit-box-flex: 10;
  -webkit-flex-grow: 10;
  -ms-flex-positive: 10;
  flex-grow: 10;
}

.c20 {
  display: -webkit-box;
  display: -webkit-flex;
  display: -ms-flexbox;
  display: flex;
  -webkit-align-items: center;
  -webkit-box-align: center;
  -ms-flex-align: center;
  align-items: center;
  gap: 0.25rem;
}

.c26 {
  display: -webkit-box;
  display: -webkit-flex;
  display: -ms-flexbox;
  display: flex;
  -webkit-align-items: center;
  -webkit-box-align: center;
  -ms-flex-align: center;
  align-items: center;
}

.c24 {
  font-family: --var(google-font),Lexend,sans-serif;
}

.c5 {
  font-family: --var(google-font),Lexend,sans-serif;
  color: #222222;
}

.c6 {
  display: -webkit-box;
  display: -webkit-flex;
  display: -ms-flexbox;
  display: flex;
  -webkit-align-items: center;
  -webkit-box-align: center;
  -ms-flex-align: center;
  align-items: center;
  gap: 1rem;
  -webkit-align-items: center;
  -webkit-box-align: center;
  -ms-flex-align: center;
  align-items: center;
}

.c19 {
  background: none;
  color: inherit;
  border: none;
  padding: 0;
  font: inherit;
  cursor: pointer;
  text-align: left;
  font-family: unset;
  outline: none;
  font-family: --var(google-font),Lexend,sans-serif;
}

.c19:disabled {
  pointer-events: none;
  cursor: default;
}

.c9 {
  -webkit-appearance: none;
  -webkit-appearance: none;
  -moz-appearance: none;
  appearance: none;
  cursor: pointer;
  margin: 0;
  outline: none;
  border: 0.125rem solid;
  border-color: #222222;
  border-radius: 0.125rem;
  width: 1.5rem;
  height: 1.5rem;
  border-color: #808080;
}

.c9:checked {
  background: #222222;
  border-color: #222222;
}

.c9:disabled {
  pointer-events: none;
}

.c11:focus-visible {
  box-shadow: 0 0 0 0.125rem rgba(255,229,85,100%);
}

.c14 {
  pointer-events: none;
  opacity: 0;
}

input:checked + .c12 {
  opacity: 1;
}

.c23 {
  display: inline;
  -webkit-align-items: center;
  -webkit-box-align: center;
  -ms-flex-align: center;
  align-items: center;
  gap: 0.25rem;
  outline: none;
  border-radius: 0.375rem;
  padding: 0.25rem;
  margin: -0.25rem;
  -webkit-appearance: none;
  -moz-appearance: none;
  appearance: none;
  font: inherit;
  background: none;
  border: none;
  -webkit-text-decoration: underline;
  text-decoration: underline;
  cursor: pointer;
  color: #222222;
}

.c23:focus-visible {
  box-shadow: 0 0 0 0.125rem rgba(255,229,85,100%), 0 0 0 0.3rem rgba(87,87,87,100%);
}

.c23:visited {
  color: #287c34;
}

.c23:active {
  color: #222222;
}

.c23[disabled] {
  cursor: not-allowed;
  color: #808080;
}

.c2:has(input:not(:disabled)) {
  cursor: default;
}

.c2:has(input:disabled) {
  pointer-events: none;
  cursor: none;
}

.c2:focus-within {
  box-shadow: 0 0 0 0.125rem rgba(255,229,85,100%), 0 0 0 0.3rem rgba(87,87,87,100%);
}

.c2:hover {
  background-color: #e4e4e4;
}

@media (hover:hover) {
  .c9:hover:not(:disabled) {
    border-color: #222222;
  }
}

@media (hover:hover) {
  .c10:hover:not(.c8:checked):not(.c8:disabled)::after {
    content: "";
    position: absolute;
    top: 50%;
    left: 50%;
    width: 60%;
    height: 60%;
    -webkit-transform: translate(-50%,-50%);
    -ms-transform: translate(-50%,-50%);
    transform: translate(-50%,-50%);
    border-radius: 0.125rem;
    background: #222222;
  }
}

@media (hover:hover) {
  .c23:hover,
  .c23:visited:hover {
    color: #222222;
  }
}

<div
    className="c0 c1 c2"
    data-testid="caption-card"
  >
    <div
      className="c3 c4"
    >
      <label
        className="c5 c6"
        disabled={false}
        htmlFor="CAP-TEST-01234"
        onMouseEnter={[Function]}
        onMouseLeave={[Function]}
      >
        <div
          className="c7"
        >
          <input
            aria-label="check caption CAP-TEST-01234"
            aria-labelledby="CAP-TEST-01234"
            checked={false}
            className="c8 c9 c10 c11"
            data-testid="checkbox"
            disabled={false}
            id="CAP-TEST-01234"
            name="CAP-TEST-01234"
            onChange={[Function]}
            onMouseEnter={[Function]}
            onMouseLeave={[Function]}
            type="checkbox"
            value="Caption ID: CAP-TEST-01234"
          />
          <div
            className="c12 c13 c14"
          >
            <div
              className="c15"
            >
              <img
                alt=""
                className="c16"
                data-nimg="fill"
                decoding="async"
                loading="lazy"
                onError={[Function]}
                onLoad={[Function]}
                src="https://res.cloudinary.com/mock-cloudinary-cloud/image/upload/v1699954310/icons/efd3esaor6zqk7seh6kt.svg"
                style={
                  {
                    "bottom": 0,
                    "color": "transparent",
                    "height": "100%",
                    "left": 0,
                    "objectFit": undefined,
                    "objectPosition": undefined,
                    "position": "absolute",
                    "right": 0,
                    "top": 0,
                    "width": "100%",
                  }
                }
              />
            </div>
          </div>
        </div>
        Caption ID: CAP-TEST-01234
      </label>
      <div
        className="c17"
      >
        Video Title: 
        This is a test video title
      </div>
      <div
        className="c17 c18"
      >
        <button
          aria-label="edit caption CAP-TEST-01234 in rev"
          className="c19"
          onClick={[Function]}
          onMouseEnter={[Function]}
          onMouseLeave={[Function]}
        >
          <div
            className="c17 c20"
          >
            Edit
            <div
              className="c21 "
            >
              <img
                alt=""
                className="c22"
                data-nimg="fill"
                decoding="async"
                loading="lazy"
                onError={[Function]}
                onLoad={[Function]}
                src="https://res.cloudinary.com/mock-cloudinary-cloud/image/upload/v1699953892/icons/hlxmejse3mcr4tqo6t8u.svg"
                style={
                  {
                    "bottom": 0,
                    "color": "transparent",
                    "height": "100%",
                    "left": 0,
                    "objectFit": undefined,
                    "objectPosition": undefined,
                    "position": "absolute",
                    "right": 0,
                    "top": 0,
                    "width": "100%",
                  }
                }
              />
            </div>
          </div>
        </button>
      </div>
    </div>
    <div
      className="c3 c4"
    >
      <a
        aria-label="view lesson LESS-TEST-01234"
        className="c23"
        data-testid="lesson_uid"
      >
        <span
          className="c24"
        >
          <div
            className="c25 c20"
          >
            LESS-TEST-01234
            <div
              className="c21 "
            >
              <img
                alt=""
                className="c22"
                data-nimg="fill"
                decoding="async"
                loading="lazy"
                onError={[Function]}
                onLoad={[Function]}
                src="https://res.cloudinary.com/mock-cloudinary-cloud/image/upload/v1699953892/icons/hlxmejse3mcr4tqo6t8u.svg"
                style={
                  {
                    "bottom": 0,
                    "color": "transparent",
                    "height": "100%",
                    "left": 0,
                    "objectFit": undefined,
                    "objectPosition": undefined,
                    "position": "absolute",
                    "right": 0,
                    "top": 0,
                    "width": "100%",
                  }
                }
              />
            </div>
          </div>
        </span>
      </a>
      <div
        className="c17 c26"
      >
        <div
          className="c27 "
        >
          <img
            alt=""
            className="c22"
            data-nimg="fill"
            decoding="async"
            loading="lazy"
            onError={[Function]}
            onLoad={[Function]}
            src="https://res.cloudinary.com/mock-cloudinary-cloud/image/upload/v1705416078/icons/wzey1zfxrvv3apeebbf5.svg"
            style={
              {
                "bottom": 0,
                "color": "transparent",
                "height": "100%",
                "left": 0,
                "objectFit": undefined,
                "objectPosition": undefined,
                "position": "absolute",
                "right": 0,
                "top": 0,
                "width": "100%",
              }
            }
          />
        </div>
        Lesson video
      </div>
      <div
        className="c17 c26"
      >
        <div
          className="c27 "
        >
          <img
            alt=""
            className="c22"
            data-nimg="fill"
            decoding="async"
            loading="lazy"
            onError={[Function]}
            onLoad={[Function]}
            src="https://res.cloudinary.com/mock-cloudinary-cloud/image/upload/v1699953925/icons/pw22bdhj2vrzfv2ogi4e.svg"
            style={
              {
                "bottom": 0,
                "color": "transparent",
                "height": "100%",
                "left": 0,
                "objectFit": undefined,
                "objectPosition": undefined,
                "position": "absolute",
                "right": 0,
                "top": 0,
                "width": "100%",
              }
            }
          />
        </div>
        Edited 
        2 years ago
      </div>
      <div
        className="c17 c26"
      >
        <div
          className="c27 "
        >
          <img
            alt=""
            className="c22"
            data-nimg="fill"
            decoding="async"
            loading="lazy"
            onError={[Function]}
            onLoad={[Function]}
            src="https://res.cloudinary.com/mock-cloudinary-cloud/image/upload/v1699895534/icons/Icon-Success_aiiprx.svg"
            style={
              {
                "bottom": 0,
                "color": "transparent",
                "height": "100%",
                "left": 0,
                "objectFit": undefined,
                "objectPosition": undefined,
                "position": "absolute",
                "right": 0,
                "top": 0,
                "width": "100%",
              }
            }
          />
        </div>
        Updated 
        2 years ago
      </div>
    </div>
  </div>,
  ",",
]
`;
