// Jest Snapshot v1, https://goo.gl/fbAQLP

exports[`OakQuizHint matches snapshot 1`] = `
.c0 {
  display: none;
  font-family: --var(google-font),Lexend,sans-serif;
}

.c1 {
  position: relative;
  width: -webkit-max-content;
  width: -moz-max-content;
  width: max-content;
  font-family: --var(google-font),Lexend,sans-serif;
}

.c7 {
  font-family: --var(google-font),Lexend,sans-serif;
}

.c9 {
  position: relative;
  width: 2.5rem;
  min-width: 2.5rem;
  height: 2.5rem;
  color: #222222;
  background: #ffe555;
  border-radius: 6.25rem;
  font-family: --var(google-font),Lexend,sans-serif;
}

.c11 {
  position: absolute;
  top: 0rem;
  width: 100%;
  height: 100%;
  border-radius: 6.25rem;
  font-family: --var(google-font),Lexend,sans-serif;
}

.c12 {
  position: relative;
  width: 1.5rem;
  min-width: 1.5rem;
  height: 1.5rem;
  min-height: 1.5rem;
  font-family: --var(google-font),Lexend,sans-serif;
}

.c13 {
  object-fit: contain;
}

.c2 {
  display: -webkit-box;
  display: -webkit-flex;
  display: -ms-flexbox;
  display: flex;
}

.c8 {
  display: -webkit-box;
  display: -webkit-flex;
  display: -ms-flexbox;
  display: flex;
  -webkit-flex-direction: row;
  -ms-flex-direction: row;
  flex-direction: row;
  -webkit-align-items: center;
  -webkit-box-align: center;
  -ms-flex-align: center;
  align-items: center;
  -webkit-box-pack: center;
  -webkit-justify-content: center;
  -ms-flex-pack: center;
  justify-content: center;
  gap: 0.75rem;
}

.c10 {
  display: -webkit-box;
  display: -webkit-flex;
  display: -ms-flexbox;
  display: flex;
  -webkit-align-items: center;
  -webkit-box-align: center;
  -ms-flex-align: center;
  align-items: center;
  -webkit-box-pack: center;
  -webkit-justify-content: center;
  -ms-flex-pack: center;
  justify-content: center;
}

.c14 {
  font-family: --var(google-font),Lexend,sans-serif;
  font-weight: 600;
  font-size: 1rem;
  line-height: 1.25rem;
  -webkit-letter-spacing: 0.0115rem;
  -moz-letter-spacing: 0.0115rem;
  -ms-letter-spacing: 0.0115rem;
  letter-spacing: 0.0115rem;
}

.c5 {
  background: none;
  color: inherit;
  border: none;
  padding: 0;
  font: inherit;
  cursor: pointer;
  text-align: left;
  font-family: unset;
  outline: none;
  font-family: --var(google-font),Lexend,sans-serif;
  color: #222222;
}

.c5:disabled {
  pointer-events: none;
  cursor: default;
}

.c6 {
  display: inline-block;
  position: relative;
}

.c6:hover {
  -webkit-text-decoration: underline;
  text-decoration: underline;
  color: #222222;
}

.c6:active {
  color: #222222;
}

.c6:disabled {
  color: #808080;
}

.c3 > :first-child:focus-visible .shadow {
  box-shadow: 0 0 0 0.125rem rgba(255,229,85,100%), 0 0 0 0.3rem rgba(87,87,87,100%);
}

.c3 > :first-child:hover .shadow {
  box-shadow: 0.125rem 0.125rem 0 rgba(255,229,85,100%);
}

.c3 > :first-child:active .shadow {
  box-shadow: 0.125rem 0.125rem 0 rgba(255,229,85,100%), 0.25rem 0.25rem 0 rgba(87,87,87,100%);
}

.c3 > :first-child:disabled .icon-container {
  background: #808080;
}

.c3 > :first-child:hover .icon-container {
  background: #ffe555;
}

.c3 > :first-child:active .icon-container {
  background: #ffe555;
}

.c4:hover .shadow {
  box-shadow: none !important;
}

.c4:active .shadow {
  box-shadow: 0.125rem 0.125rem 0 rgba(255,229,85,100%), 0.25rem 0.25rem 0 rgba(87,87,87,100%) !important;
}

<div>
  <div
    class="c0"
    id="quiz-hint"
  >
    The answer is right in front of your eyes
  </div>
  <div
    style="display: contents;"
  >
    <div
      class="c1 c2 c3 c4"
    >
      <button
        aria-describedby="quiz-hint"
        class="c5 c6"
        data-rac="true"
      >
        <div
          class="c7 c8"
        >
          <div
            class="c9 c10 icon-container"
          >
            <div
              class="c11 shadow"
            />
            <div
              class="c12"
              data-icon-for="button"
            >
              <img
                alt=""
                class="c13"
                data-nimg="fill"
                decoding="async"
                loading="lazy"
                src="https://res.cloudinary.com/mock-cloudinary-cloud/image/upload/v1705078631/icons/zldisxmbff36z68rwcef.svg"
                style="position: absolute; height: 100%; width: 100%; left: 0px; top: 0px; right: 0px; bottom: 0px; color: transparent;"
              />
            </div>
          </div>
          <span
            class="c14"
          >
            Need a hint?
          </span>
        </div>
      </button>
    </div>
  </div>
</div>
`;
