// Jest Snapshot v1, https://goo.gl/fbAQLP

exports[`OakPupilJourneyList matches snapshot 1`] = `
.c0 {
  width: 100%;
  background: #f5e9f2;
  font-family: --var(google-font),Lexend,sans-serif;
}

.c2 {
  padding-top: 1.5rem;
  font-family: --var(google-font),Lexend,sans-serif;
}

.c4 {
  padding: 1rem;
  background: #e5d1e0;
  border-radius: 1rem;
  font-family: --var(google-font),Lexend,sans-serif;
}

.c1 {
  display: -webkit-box;
  display: -webkit-flex;
  display: -ms-flexbox;
  display: flex;
  -webkit-flex-direction: column;
  -ms-flex-direction: column;
  flex-direction: column;
  gap: 1.5rem;
}

.c3 {
  display: -webkit-box;
  display: -webkit-flex;
  display: -ms-flexbox;
  display: flex;
}

.c5 {
  display: -webkit-box;
  display: -webkit-flex;
  display: -ms-flexbox;
  display: flex;
  -webkit-flex-direction: column;
  -ms-flex-direction: column;
  flex-direction: column;
  gap: 1rem;
}

@media (min-width:750px) {
  .c0 {
    width: 40rem;
  }
}

@media (min-width:1280px) {
  .c0 {
    width: 60rem;
  }
}

<div
  className="c0 c1"
>
  <div
    className="c2 c3"
  >
    <div>
      Subheading Slot Here
    </div>
  </div>
  <div
    className="c4 c5"
    role="list"
  >
    <p>
      Hello World
    </p>
  </div>
</div>
`;
