// Jest Snapshot v1, https://goo.gl/fbAQLP

exports[`OakCollapsibleContent matches snapshot 1`] = `
.c0 {
  display: block;
  font-family: --var(google-font),Lexend,sans-serif;
}

.c1 {
  padding-left: 1rem;
  padding-right: 1rem;
  padding-top: 1.5rem;
  padding-bottom: 1.5rem;
  background: #e4e4e4;
  border-radius: 0.375rem;
  font-family: --var(google-font),Lexend,sans-serif;
}

.c3 {
  overflow: auto;
  width: 100%;
  max-height: 100%;
  padding-right: 1rem;
  font-family: --var(google-font),Lexend,sans-serif;
  overflow: auto;
}

.c2 {
  display: -webkit-box;
  display: -webkit-flex;
  display: -ms-flexbox;
  display: flex;
}

.c4::-webkit-scrollbar-thumb {
  border-radius: 0.375rem;
  background-color: #808080;
}

.c4::-webkit-scrollbar-track {
  border-radius: 0.375rem;
  background-color: #ffffff;
}

.c4::-webkit-scrollbar {
  width: 0.75rem;
  height: 0.75rem;
  border-radius: 0.375rem;
}

<div
  className="c0"
>
  <div
    className="c1 c2"
  >
    <div
      className="c3 c4"
    >
      Content goes here
    </div>
  </div>
</div>
`;
